// Jest Snapshot v1, https://goo.gl/fbAQLP

exports[`Tennis renders properly 1`] = `
ShallowWrapper {
  "length": 1,
  Symbol(enzyme.__root__): [Circular],
  Symbol(enzyme.__unrendered__): <Unknown
    scoreUpdater={[Function]}
    tennis={
        Object {
            "p1": 0,
            "p2": 0,
          }
    }
/>,
  Symbol(enzyme.__renderer__): Object {
    "batchedUpdates": [Function],
    "getNode": [Function],
    "render": [Function],
    "simulateEvent": [Function],
    "unmount": [Function],
  },
  Symbol(enzyme.__node__): Object {
    "instance": null,
    "key": undefined,
    "nodeType": "host",
    "props": Object {
      "children": <div
        id="row"
>
        <h1>
                Kata Tennis
        </h1>
        <div
                className="name-box"
        >
                Love-ALL
        </div>
        <div
                className="score-box"
                id="score-box1"
        />
        <div
                className="score-box"
                id="score-box2"
        />
        <button
                id="p1-scoreInc-button"
                onClick={[Function]}
        >
                Increase P1 score
        </button>
        <button
                id="p2-scoreInc-button"
                onClick={[Function]}
        >
                Increase P2 score
        </button>
</div>,
      "id": "wrapper",
    },
    "ref": null,
    "rendered": Object {
      "instance": null,
      "key": undefined,
      "nodeType": "host",
      "props": Object {
        "children": Array [
          <h1>
            Kata Tennis
</h1>,
          <div
            className="name-box"
>
            Love-ALL
</div>,
          <div
            className="score-box"
            id="score-box1"
/>,
          <div
            className="score-box"
            id="score-box2"
/>,
          <button
            id="p1-scoreInc-button"
            onClick={[Function]}
>
            Increase P1 score
</button>,
          <button
            id="p2-scoreInc-button"
            onClick={[Function]}
>
            Increase P2 score
</button>,
        ],
        "id": "row",
      },
      "ref": null,
      "rendered": Array [
        Object {
          "instance": null,
          "key": undefined,
          "nodeType": "host",
          "props": Object {
            "children": "Kata Tennis",
          },
          "ref": null,
          "rendered": "Kata Tennis",
          "type": "h1",
        },
        Object {
          "instance": null,
          "key": undefined,
          "nodeType": "host",
          "props": Object {
            "children": "Love-ALL",
            "className": "name-box",
          },
          "ref": null,
          "rendered": "Love-ALL",
          "type": "div",
        },
        Object {
          "instance": null,
          "key": undefined,
          "nodeType": "host",
          "props": Object {
            "children": 0,
            "className": "score-box",
            "id": "score-box1",
          },
          "ref": null,
          "rendered": 0,
          "type": "div",
        },
        Object {
          "instance": null,
          "key": undefined,
          "nodeType": "host",
          "props": Object {
            "children": 0,
            "className": "score-box",
            "id": "score-box2",
          },
          "ref": null,
          "rendered": 0,
          "type": "div",
        },
        Object {
          "instance": null,
          "key": undefined,
          "nodeType": "host",
          "props": Object {
            "children": "Increase P1 score",
            "id": "p1-scoreInc-button",
            "onClick": [Function],
          },
          "ref": null,
          "rendered": "Increase P1 score",
          "type": "button",
        },
        Object {
          "instance": null,
          "key": undefined,
          "nodeType": "host",
          "props": Object {
            "children": "Increase P2 score",
            "id": "p2-scoreInc-button",
            "onClick": [Function],
          },
          "ref": null,
          "rendered": "Increase P2 score",
          "type": "button",
        },
      ],
      "type": "div",
    },
    "type": "div",
  },
  Symbol(enzyme.__nodes__): Array [
    Object {
      "instance": null,
      "key": undefined,
      "nodeType": "host",
      "props": Object {
        "children": <div
          id="row"
>
          <h1>
                    Kata Tennis
          </h1>
          <div
                    className="name-box"
          >
                    Love-ALL
          </div>
          <div
                    className="score-box"
                    id="score-box1"
          />
          <div
                    className="score-box"
                    id="score-box2"
          />
          <button
                    id="p1-scoreInc-button"
                    onClick={[Function]}
          >
                    Increase P1 score
          </button>
          <button
                    id="p2-scoreInc-button"
                    onClick={[Function]}
          >
                    Increase P2 score
          </button>
</div>,
        "id": "wrapper",
      },
      "ref": null,
      "rendered": Object {
        "instance": null,
        "key": undefined,
        "nodeType": "host",
        "props": Object {
          "children": Array [
            <h1>
              Kata Tennis
</h1>,
            <div
              className="name-box"
>
              Love-ALL
</div>,
            <div
              className="score-box"
              id="score-box1"
/>,
            <div
              className="score-box"
              id="score-box2"
/>,
            <button
              id="p1-scoreInc-button"
              onClick={[Function]}
>
              Increase P1 score
</button>,
            <button
              id="p2-scoreInc-button"
              onClick={[Function]}
>
              Increase P2 score
</button>,
          ],
          "id": "row",
        },
        "ref": null,
        "rendered": Array [
          Object {
            "instance": null,
            "key": undefined,
            "nodeType": "host",
            "props": Object {
              "children": "Kata Tennis",
            },
            "ref": null,
            "rendered": "Kata Tennis",
            "type": "h1",
          },
          Object {
            "instance": null,
            "key": undefined,
            "nodeType": "host",
            "props": Object {
              "children": "Love-ALL",
              "className": "name-box",
            },
            "ref": null,
            "rendered": "Love-ALL",
            "type": "div",
          },
          Object {
            "instance": null,
            "key": undefined,
            "nodeType": "host",
            "props": Object {
              "children": 0,
              "className": "score-box",
              "id": "score-box1",
            },
            "ref": null,
            "rendered": 0,
            "type": "div",
          },
          Object {
            "instance": null,
            "key": undefined,
            "nodeType": "host",
            "props": Object {
              "children": 0,
              "className": "score-box",
              "id": "score-box2",
            },
            "ref": null,
            "rendered": 0,
            "type": "div",
          },
          Object {
            "instance": null,
            "key": undefined,
            "nodeType": "host",
            "props": Object {
              "children": "Increase P1 score",
              "id": "p1-scoreInc-button",
              "onClick": [Function],
            },
            "ref": null,
            "rendered": "Increase P1 score",
            "type": "button",
          },
          Object {
            "instance": null,
            "key": undefined,
            "nodeType": "host",
            "props": Object {
              "children": "Increase P2 score",
              "id": "p2-scoreInc-button",
              "onClick": [Function],
            },
            "ref": null,
            "rendered": "Increase P2 score",
            "type": "button",
          },
        ],
        "type": "div",
      },
      "type": "div",
    },
  ],
  Symbol(enzyme.__options__): Object {
    "adapter": ReactSixteenAdapter {
      "options": Object {
        "enableComponentDidUpdateOnSetState": true,
      },
    },
    "disableLifecycleMethods": true,
  },
}
`;
